# SPARTA roofline ceilings, measured on this machine
# bytes_working_set  read_GBs  copy_GBs
BW 8192 81.109 154.566
BW 16384 91.531 227.557
BW 32768 98.108 295.208
BW 65536 101.136 94.980
BW 131072 103.206 94.296
BW 262144 94.945 93.091
BW 524288 95.499 92.565
BW 1048576 105.289 92.021
BW 2097152 49.182 59.091
BW 4194304 26.757 27.200
BW 8388608 25.943 26.069
BW 16777216 25.923 25.544
BW 33554432 24.572 25.220
BW 67108864 23.100 23.956
BW 134217728 19.963 23.332
BW 268435456 12.644 15.421
BW 536870912 12.759 19.847
BW 1073741824 13.187 18.400
GATHER_GBs 7.732
PEAK_SCALAR_GFLOPs 12.822
PEAK_AVX2_GFLOPs 51.313
PEAK_AVX512_GFLOPs 92.895
NS_PER_FMA 0.3330
NS_POW_019 11.9697
NS_POW_ALPHA 12.0311
NS_SQRT 1.8943
NS_SIN 4.9914
NS_COS 5.0078
NS_EXP2LOG2 9.0786
NS_LOG2 4.1164
NS_EXP2 3.2521
# FMA-equivalents: pow=35.9 powalpha=36.1 sqrt=5.7 sin=15.0 cos=15.0 exp2log2=27.3
